[2026-04-10T13:39:46Z] === ENRICH ITERATION 1 START | repo=markedjs/marked sha=811ea59a ===
[2026-04-10T13:39:46Z] [iter=1] PHASE START: enrich repo=markedjs/marked sha=811ea59a runlog=/home/runner/work/forx/forx/storage/aggregate/lsp/logs/811ea59a-enrich-iter-001.log output=/home/runner/work/forx/forx/storage/aggregate/lsp/811ea59aca1a76a0add55f59b703b50fc5605195.nq.gz
[2026-04-10T13:39:57Z] [iter=1] Step 1: Loading AST into disk-backed store mem_mb=81 MB
[2026-04-10T13:40:00Z] [iter=1] AST store loaded triples=322752 load_secs=2 mem_mb=533 MB
[2026-04-10T13:40:00Z] [iter=1] Step 2: Finding LSP targets mem_mb=533 MB
[2026-04-10T13:40:00Z] [iter=1] LSP targets found call_sites=2278 imports=125 extends=1 implements=0 secs=0
[2026-04-10T13:40:00Z] [iter=1] Step 2.7: Building position index (one-shot, shared across resolvers) mem_mb=533 MB
[2026-04-10T13:40:02Z] [iter=1] Position index built positions=22491 nodes_with_types=25716 secs=2 mem_mb=533 MB
[2026-04-10T13:40:02Z] [iter=1] Step 3: Starting LSP resolution mem_mb=533 MB already_completed_types=[] already_completed_files=0
[2026-04-10T13:40:02Z] [iter=1] Resolving target type target_type=call_site count=2278
[2026-04-10T13:40:24Z] [iter=1] HEARTBEAT target_type=call_site elapsed_min=0.6 files_done=1 resolved=6 errors=170 current=src/Tokenizer.ts
[2026-04-10T13:41:06Z] [iter=1] HEARTBEAT target_type=call_site elapsed_min=1.3 files_done=4 resolved=15 errors=518 current=src/Renderer.ts
[2026-04-10T13:42:05Z] [iter=1] HEARTBEAT target_type=call_site elapsed_min=2.3 files_done=13 resolved=53 errors=982 current=test/unit/Hooks.test.js
[2026-04-10T13:42:37Z] [iter=1] HEARTBEAT target_type=call_site elapsed_min=2.9 files_done=16 resolved=129 errors=1248 current=docs/build.js
[2026-04-10T13:43:10Z] [iter=1] HEARTBEAT target_type=call_site elapsed_min=3.4 files_done=21 resolved=163 errors=1517 current=docs/demo/worker.js
[2026-04-10T13:43:44Z] [iter=1] HEARTBEAT target_type=call_site elapsed_min=4.0 files_done=29 resolved=197 errors=1791 current=test/cjs-test.cjs
[2026-04-10T13:43:53Z] [iter=1] Target type resolved target_type=call_site resolved=197 errors=1859 secs=231 mem_mb=533 MB
[2026-04-10T13:43:53Z] [iter=1] Resolving target type target_type=import_statement count=125
[2026-04-10T13:43:58Z] [iter=1] Target type resolved target_type=import_statement resolved=76 errors=0 secs=5 mem_mb=533 MB
[2026-04-10T13:43:58Z] [iter=1] Resolving target type target_type=extends_clause count=1
[2026-04-10T13:43:59Z] [iter=1] Target type resolved target_type=extends_clause resolved=1 errors=0 secs=2 mem_mb=533 MB
[2026-04-10T13:44:04Z] [iter=1] Step 5: Writing final enrichment file triples=29747
[2026-04-10T13:44:05Z] [iter=1] Enrichment file written path=/home/runner/work/forx/forx/storage/aggregate/lsp/811ea59aca1a76a0add55f59b703b50fc5605195.nq.gz size_kb=507
[2026-04-10T13:44:05Z] [iter=1] PHASE END: enrich elapsed_s=259 elapsed_min=4.3 total_triples=29747
